// Jest Snapshot v1, https://goo.gl/fbAQLP

exports[`AND Bool should match snapshot 1`] = `
<g
  class="bool inactive"
  data-testid="and(csc209,csc258)"
  fill=""
  graph="1"
  height="14.7368002"
  id="bool1"
  pos="1020.015148,243.51310800000002"
  stroke=""
  text="[object Object]"
  type_="BoolNode"
  width="19.7600002"
>
  <ellipse
    cx="1020.015148"
    cy="243.51310800000002"
    rx="9.8800001"
    ry="7.3684001"
  />
  <text
    x="1020.015148"
    y="246.655709"
  >
    and
  </text>
</g>
`;

exports[`OR Bool should match snapshot 1`] = `
<g
  class="bool inactive"
  data-testid="and(csc209,csc258)"
  fill=""
  graph="1"
  height="14.7368002"
  id="bool1"
  pos="1020.015148,243.51310800000002"
  stroke=""
  text="[object Object]"
  type_="BoolNode"
  width="19.7600002"
>
  <ellipse
    cx="1020.015148"
    cy="243.51310800000002"
    rx="9.8800001"
    ry="7.3684001"
  />
  <text
    x="1020.015148"
    y="246.655709"
  >
    or
  </text>
</g>
`;
