// Jest Snapshot v1, https://goo.gl/fbAQLP

exports[`GraphDropdown should match shallow snapshot 1`] = `
<ul
  className="graph-dropdown-hidden"
  data-testid="test-graph-dropdown"
  onMouseLeave={[MockFunction]}
  onMouseMove={[MockFunction]}
  style={
    Object {
      "left": [MockFunction],
    }
  }
>
  <div>
    <h5>
      Official Graphs
    </h5>
  </div>
  <div>
    <h5>
      (Unofficial) Sciences
    </h5>
  </div>
  <div>
    <h5>
      (Unofficial) Business
    </h5>
  </div>
  <div>
    <h5>
      (Unofficial) Social Studies
    </h5>
  </div>
  <div>
    <h5>
      (Unofficial) Languages
    </h5>
  </div>
</ul>
`;
