// Jest Snapshot v1, https://goo.gl/fbAQLP

exports[`Node Node Hybrid node 1`] = `
<Node
  JSON={
    Object {
      "fill": "#888888",
      "graph": 1,
      "height": 24,
      "id_": "h46",
      "pos": Array [
        18.168848,
        471.586698,
      ],
      "stroke": "",
      "text": Array [
        Object {
          "align": "begin",
          "fill": "",
          "graph": 1,
          "pos": Array [
            20.753048200000002,
            481.389408,
          ],
          "rId": "text454",
          "text": "CSC318/418/",
          "type_": "Hybrid",
          "width": 65.207497,
        },
        Object {
          "align": "begin",
          "fill": "",
          "graph": 1,
          "length": 2,
          "pos": Array [
            32.698848,
            493.640408,
          ],
          "rId": "text456",
          "text": "301/384",
          "type_": "Hybrid",
          "width": 65.207497,
        },
      ],
      "type_": "Hybrid",
      "width": 65.207497,
    }
  }
  childs={
    Array [
      "csc404",
    ]
  }
  className="hybrid"
  hybrid={true}
  inEdges={Array []}
  logicalType="AND"
  outEdges={
    Array [
      "p32",
    ]
  }
  parents={
    Array [
      Array [
        undefined,
        undefined,
        undefined,
        undefined,
      ],
    ]
  }
  svg={
    <div>
      <button
        class="graph-control-button"
        id="zoom-in-button"
      >
        +
      </button>
      <button
        class="graph-control-button"
        id="zoom-out-button"
      >
        —
      </button>
      <button
        class="graph-control-button"
        disabled=""
        id="pan-up-button"
      >
        ↑
      </button>
      <button
        class="graph-control-button"
        disabled=""
        id="pan-down-button"
      >
        ↓
      </button>
      <button
        class="graph-control-button"
        disabled=""
        id="pan-right-button"
      >
        →
      </button>
      <button
        class="graph-control-button"
        disabled=""
        id="pan-left-button"
      >
        ←
      </button>
      <button
        class="graph-control-button"
        disabled=""
        id="reset-button"
      >
        Reset
      </button>
      <svg
        class=""
        height="100%"
        preserveAspectRatio="xMinYMin"
        version="1.1"
        viewBox="0 0 1024 768"
        width="100%"
        xmlns="http://www.w3.org/2000/svg"
        xmlns:cc="http://creativecommons.org/ns#"
        xmlns:dc="http://purl.org/dc/elements/1.1/"
        xmlns:rdf="http://www.w3.org/1999/02/22-rdf-syntax-ns#"
        xmlns:svg="http://www.w3.org/2000/svg"
        xmlns:xlink="http://www.w3.org/1999/xlink"
      >
        <defs>
          <marker
            id="arrowHead"
            markerHeight="7"
            markerUnits="strokeWidth"
            markerWidth="7"
            orient="auto"
            refX="4"
            refY="5"
            viewBox="0 0 10 10"
          >
            <polyline
              fill="black"
              points="0,1 10,5 0,9"
            />
          </marker>
        </defs>
        <g
          id="regions"
        />
        <g
          id="nodes"
        />
        <g
          id="bools"
        />
        <g
          id="edges"
        />
        <g />
      </svg>
    </div>
  }
>
  <g
    className="hybrid "
    id="h46"
    shapeRendering="geometricPrecision"
    textRendering="geometricPrecision"
  >
    <rect
      height={24}
      rx="4"
      ry="4"
      style={
        Object {
          "fill": "#888888",
        }
      }
      width={65.207497}
      x={18.168848}
      y={471.586698}
    />
    <text
      key="0"
      x={50.772596500000006}
      y={481.389408}
    >
      CSC318/418/
    </text>
    <text
      key="1"
      x={50.772596500000006}
      y={493.640408}
    >
      301/384
    </text>
  </g>
</Node>
`;
